// Vitest Snapshot v1, https://vitest.dev/guide/snapshot.html

exports[`BasicApp (Unit) > renders correctly 1`] = `""`;
